INFO:root:Lets get to it. We will need: ['flour', 'yeast', 'sugar', 'eggs', 'butter', 'silk', 'cream cheese', 'brown sugar', 'cinnamon']
INFO:root:2ts of yeast
